../stm32f401xc_drivers/stm32f401xc_I2C_driver.c:55:6:I2C1_ER_IRQHandler	4	static
../stm32f401xc_drivers/stm32f401xc_I2C_driver.c:59:6:I2C1_EV_IRQHandler	32	static
../stm32f401xc_drivers/stm32f401xc_I2C_driver.c:129:6:I2C2_ER_IRQHandler	4	static
../stm32f401xc_drivers/stm32f401xc_I2C_driver.c:133:6:I2C2_EV_IRQHandler	4	static
../stm32f401xc_drivers/stm32f401xc_I2C_driver.c:144:6:MCAL_I2C_Init	40	static
../stm32f401xc_drivers/stm32f401xc_I2C_driver.c:259:6:MCAL_I2C_DeInit	16	static
../stm32f401xc_drivers/stm32f401xc_I2C_driver.c:277:6:MCAL_I2C_Master_Tx	32	static
../stm32f401xc_drivers/stm32f401xc_I2C_driver.c:315:6:MCAL_I2C_Master_Rx	32	static
../stm32f401xc_drivers/stm32f401xc_I2C_driver.c:381:6:MCAL_I2C_SlaveSendData	16	static
../stm32f401xc_drivers/stm32f401xc_I2C_driver.c:385:9:MCAL_I2C_SlaveReceiveData	16	static
../stm32f401xc_drivers/stm32f401xc_I2C_driver.c:397:13:MCAL_I2C_SetPins	32	static
../stm32f401xc_drivers/stm32f401xc_I2C_driver.c:441:13:I2C_SendAddress	16	static
../stm32f401xc_drivers/stm32f401xc_I2C_driver.c:457:13:I2C_GenrateStart	16	static
../stm32f401xc_drivers/stm32f401xc_I2C_driver.c:472:13:I2C_GenerateSTOP	16	static
../stm32f401xc_drivers/stm32f401xc_I2C_driver.c:483:20:I2C_GetFlagStatus	40	static
../stm32f401xc_drivers/stm32f401xc_I2C_driver.c:582:13:SlaveStates	24	static
../stm32f401xc_drivers/stm32f401xc_I2C_driver.c:637:13:I2C_AcknowledgeConfig	16	static
