../stm32f401xc_drivers/stm32f401xc_DMA_driver.c:20:6:MCAL_DMA_Init	16	static,ignoring_inline_asm
../stm32f401xc_drivers/stm32f401xc_DMA_driver.c:51:6:MCAL_DMA_SetStream	32	static,ignoring_inline_asm
../stm32f401xc_drivers/stm32f401xc_DMA_driver.c:86:6:MCAL_DMA_EnableStream	16	static
../stm32f401xc_drivers/stm32f401xc_DMA_driver.c:91:6:MCAL_DMA_CallBack	16	static
../stm32f401xc_drivers/stm32f401xc_DMA_driver.c:95:6:DMA2_Stream0_IRQHandler	8	static
../stm32f401xc_drivers/stm32f401xc_DMA_driver.c:103:6:DMA2_Stream1_IRQHandler	8	static
