../stm32f401xc_drivers/stm32f401xc_SysTick_driver.c:14:6:MCAL_SysTicK_Init	16	static
../stm32f401xc_drivers/stm32f401xc_SysTick_driver.c:35:6:MCAL_SysTicK_StartTimer	16	static
../stm32f401xc_drivers/stm32f401xc_SysTick_driver.c:46:6:MCAL_SysTicK_StopTimer	4	static
../stm32f401xc_drivers/stm32f401xc_SysTick_driver.c:51:6:MCAL_SysTicK_SetDelay_ms	24	static
../stm32f401xc_drivers/stm32f401xc_SysTick_driver.c:67:6:MCAL_SysTicK_SetDelay_us	24	static
../stm32f401xc_drivers/stm32f401xc_SysTick_driver.c:83:10:MCAL_SysTicK_GetElapsedTime_SingleShot	4	static
../stm32f401xc_drivers/stm32f401xc_SysTick_driver.c:87:10:MCAL_SysTicK_GetRemainingTime_SingleShot	4	static
../stm32f401xc_drivers/stm32f401xc_SysTick_driver.c:91:6:MCAL_SysTicK_SetInterval_Single	24	static
../stm32f401xc_drivers/stm32f401xc_SysTick_driver.c:106:6:MCAL_SysTicK_SetInterval_Multi	24	static
../stm32f401xc_drivers/stm32f401xc_SysTick_driver.c:122:6:SysTick_Handler	8	static
