../stm32f401xc_drivers/ECU/TFT_driver.c:21:13:Write_CMD	16	static
../stm32f401xc_drivers/ECU/TFT_driver.c:26:13:Write_Data	16	static
../stm32f401xc_drivers/ECU/TFT_driver.c:31:13:TFT_Reset	8	static
../stm32f401xc_drivers/ECU/TFT_driver.c:47:6:HAL_TFT_Init	32	static
../stm32f401xc_drivers/ECU/TFT_driver.c:76:6:HAL_TFT_SetXPos	16	static
../stm32f401xc_drivers/ECU/TFT_driver.c:87:6:HAL_TFT_SetYPos	16	static
../stm32f401xc_drivers/ECU/TFT_driver.c:98:6:HAL_TFT_FillBackground	16	static
../stm32f401xc_drivers/ECU/TFT_driver.c:104:6:HAL_TFT_FillRectangle	32	static
../stm32f401xc_drivers/ECU/TFT_driver.c:120:13:HAL_TFT_DrawPixel	16	static
../stm32f401xc_drivers/ECU/TFT_driver.c:129:6:HAL_TFT_ShowString	40	static
../stm32f401xc_drivers/ECU/TFT_driver.c:173:6:HAL_TFT_ShowImage	32	static
