../stm32f401xc_drivers/ECU/TFT_driver.c:21:13:Write_CMD	16	static
../stm32f401xc_drivers/ECU/TFT_driver.c:26:13:Write_Data	16	static
../stm32f401xc_drivers/ECU/TFT_driver.c:31:13:TFT_Reset	8	static
../stm32f401xc_drivers/ECU/TFT_driver.c:48:6:HAL_TFT_Init	32	static
../stm32f401xc_drivers/ECU/TFT_driver.c:84:6:HAL_TFT_ShowImage	24	static
../stm32f401xc_drivers/ECU/TFT_driver.c:124:6:HAL_TFT_SetXPos	16	static
../stm32f401xc_drivers/ECU/TFT_driver.c:140:6:HAL_TFT_SetYPos	16	static
../stm32f401xc_drivers/ECU/TFT_driver.c:156:6:HAL_TFT_FillBackground	16	static
../stm32f401xc_drivers/ECU/TFT_driver.c:164:6:HAL_TFT_FillRectangle	24	static
