Archive member included to satisfy reference by file (symbol)

C:/ST/STM32CubeIDE_1.18.0/STM32CubeIDE/plugins/com.st.stm32cube.ide.mcu.externaltools.gnu-tools-for-stm32.13.3.rel1.win32_1.0.0.202411081344/tools/bin/../lib/gcc/arm-none-eabi/13.3.1/../../../../arm-none-eabi/lib/thumb/v7e-m+fp/hard\libc_nano.a(libc_a-exit.o)
                              C:/ST/STM32CubeIDE_1.18.0/STM32CubeIDE/plugins/com.st.stm32cube.ide.mcu.externaltools.gnu-tools-for-stm32.13.3.rel1.win32_1.0.0.202411081344/tools/bin/../lib/gcc/arm-none-eabi/13.3.1/../../../../arm-none-eabi/lib/thumb/v7e-m+fp/hard/crt0.o (exit)
C:/ST/STM32CubeIDE_1.18.0/STM32CubeIDE/plugins/com.st.stm32cube.ide.mcu.externaltools.gnu-tools-for-stm32.13.3.rel1.win32_1.0.0.202411081344/tools/bin/../lib/gcc/arm-none-eabi/13.3.1/../../../../arm-none-eabi/lib/thumb/v7e-m+fp/hard\libc_nano.a(libc_a-findfp.o)
                              C:/ST/STM32CubeIDE_1.18.0/STM32CubeIDE/plugins/com.st.stm32cube.ide.mcu.externaltools.gnu-tools-for-stm32.13.3.rel1.win32_1.0.0.202411081344/tools/bin/../lib/gcc/arm-none-eabi/13.3.1/../../../../arm-none-eabi/lib/thumb/v7e-m+fp/hard\libc_nano.a(libc_a-exit.o) (__stdio_exit_handler)
C:/ST/STM32CubeIDE_1.18.0/STM32CubeIDE/plugins/com.st.stm32cube.ide.mcu.externaltools.gnu-tools-for-stm32.13.3.rel1.win32_1.0.0.202411081344/tools/bin/../lib/gcc/arm-none-eabi/13.3.1/../../../../arm-none-eabi/lib/thumb/v7e-m+fp/hard\libc_nano.a(libc_a-fwalk.o)
                              C:/ST/STM32CubeIDE_1.18.0/STM32CubeIDE/plugins/com.st.stm32cube.ide.mcu.externaltools.gnu-tools-for-stm32.13.3.rel1.win32_1.0.0.202411081344/tools/bin/../lib/gcc/arm-none-eabi/13.3.1/../../../../arm-none-eabi/lib/thumb/v7e-m+fp/hard\libc_nano.a(libc_a-findfp.o) (_fwalk_sglue)
C:/ST/STM32CubeIDE_1.18.0/STM32CubeIDE/plugins/com.st.stm32cube.ide.mcu.externaltools.gnu-tools-for-stm32.13.3.rel1.win32_1.0.0.202411081344/tools/bin/../lib/gcc/arm-none-eabi/13.3.1/../../../../arm-none-eabi/lib/thumb/v7e-m+fp/hard\libc_nano.a(libc_a-stdio.o)
                              C:/ST/STM32CubeIDE_1.18.0/STM32CubeIDE/plugins/com.st.stm32cube.ide.mcu.externaltools.gnu-tools-for-stm32.13.3.rel1.win32_1.0.0.202411081344/tools/bin/../lib/gcc/arm-none-eabi/13.3.1/../../../../arm-none-eabi/lib/thumb/v7e-m+fp/hard\libc_nano.a(libc_a-findfp.o) (__sread)
C:/ST/STM32CubeIDE_1.18.0/STM32CubeIDE/plugins/com.st.stm32cube.ide.mcu.externaltools.gnu-tools-for-stm32.13.3.rel1.win32_1.0.0.202411081344/tools/bin/../lib/gcc/arm-none-eabi/13.3.1/../../../../arm-none-eabi/lib/thumb/v7e-m+fp/hard\libc_nano.a(libc_a-memset.o)
                              C:/ST/STM32CubeIDE_1.18.0/STM32CubeIDE/plugins/com.st.stm32cube.ide.mcu.externaltools.gnu-tools-for-stm32.13.3.rel1.win32_1.0.0.202411081344/tools/bin/../lib/gcc/arm-none-eabi/13.3.1/../../../../arm-none-eabi/lib/thumb/v7e-m+fp/hard/crt0.o (memset)
C:/ST/STM32CubeIDE_1.18.0/STM32CubeIDE/plugins/com.st.stm32cube.ide.mcu.externaltools.gnu-tools-for-stm32.13.3.rel1.win32_1.0.0.202411081344/tools/bin/../lib/gcc/arm-none-eabi/13.3.1/../../../../arm-none-eabi/lib/thumb/v7e-m+fp/hard\libc_nano.a(libc_a-closer.o)
                              C:/ST/STM32CubeIDE_1.18.0/STM32CubeIDE/plugins/com.st.stm32cube.ide.mcu.externaltools.gnu-tools-for-stm32.13.3.rel1.win32_1.0.0.202411081344/tools/bin/../lib/gcc/arm-none-eabi/13.3.1/../../../../arm-none-eabi/lib/thumb/v7e-m+fp/hard\libc_nano.a(libc_a-stdio.o) (_close_r)
C:/ST/STM32CubeIDE_1.18.0/STM32CubeIDE/plugins/com.st.stm32cube.ide.mcu.externaltools.gnu-tools-for-stm32.13.3.rel1.win32_1.0.0.202411081344/tools/bin/../lib/gcc/arm-none-eabi/13.3.1/../../../../arm-none-eabi/lib/thumb/v7e-m+fp/hard\libc_nano.a(libc_a-reent.o)
                              C:/ST/STM32CubeIDE_1.18.0/STM32CubeIDE/plugins/com.st.stm32cube.ide.mcu.externaltools.gnu-tools-for-stm32.13.3.rel1.win32_1.0.0.202411081344/tools/bin/../lib/gcc/arm-none-eabi/13.3.1/../../../../arm-none-eabi/lib/thumb/v7e-m+fp/hard\libc_nano.a(libc_a-closer.o) (errno)
C:/ST/STM32CubeIDE_1.18.0/STM32CubeIDE/plugins/com.st.stm32cube.ide.mcu.externaltools.gnu-tools-for-stm32.13.3.rel1.win32_1.0.0.202411081344/tools/bin/../lib/gcc/arm-none-eabi/13.3.1/../../../../arm-none-eabi/lib/thumb/v7e-m+fp/hard\libc_nano.a(libc_a-impure.o)
                              C:/ST/STM32CubeIDE_1.18.0/STM32CubeIDE/plugins/com.st.stm32cube.ide.mcu.externaltools.gnu-tools-for-stm32.13.3.rel1.win32_1.0.0.202411081344/tools/bin/../lib/gcc/arm-none-eabi/13.3.1/../../../../arm-none-eabi/lib/thumb/v7e-m+fp/hard\libc_nano.a(libc_a-reent.o) (_impure_ptr)
C:/ST/STM32CubeIDE_1.18.0/STM32CubeIDE/plugins/com.st.stm32cube.ide.mcu.externaltools.gnu-tools-for-stm32.13.3.rel1.win32_1.0.0.202411081344/tools/bin/../lib/gcc/arm-none-eabi/13.3.1/../../../../arm-none-eabi/lib/thumb/v7e-m+fp/hard\libc_nano.a(libc_a-lseekr.o)
[...]
Memory Configuration

Name             Origin             Length             Attributes
RAM              0x20000000         0x00010000         xrw
FLASH            0x08000000         0x00040000         xr
*default*        0x00000000         0xffffffff

Linker script and memory map

LOAD C:/ST/STM32CubeIDE_1.18.0/STM32CubeIDE/plugins/com.st.stm32cube.ide.mcu.externaltools.gnu-tools-for-stm32.13.3.rel1.win32_1.0.0.202411081344/tools/bin/../lib/gcc/arm-none-eabi/13.3.1/thumb/v7e-m+fp/hard/crti.o
LOAD C:/ST/STM32CubeIDE_1.18.0/STM32CubeIDE/plugins/com.st.stm32cube.ide.mcu.externaltools.gnu-tools-for-stm32.13.3.rel1.win32_1.0.0.202411081344/tools/bin/../lib/gcc/arm-none-eabi/13.3.1/thumb/v7e-m+fp/hard/crtbegin.o
LOAD C:/ST/STM32CubeIDE_1.18.0/STM32CubeIDE/plugins/com.st.stm32cube.ide.mcu.externaltools.gnu-tools-for-stm32.13.3.rel1.win32_1.0.0.202411081344/tools/bin/../lib/gcc/arm-none-eabi/13.3.1/../../../../arm-none-eabi/lib/thumb/v7e-m+fp/hard/crt0.o
LOAD ./Src/main.o
LOAD ./Src/syscalls.o
LOAD ./Src/sysmem.o
LOAD ./Startup/startup_stm32f401ccux.o
LOAD ./stm32f401xc_drivers/ECU/DAC_driver.o
LOAD ./stm32f401xc_drivers/ECU/IR_driver.o
LOAD ./stm32f401xc_drivers/ECU/Led_Matrix_driver.o
LOAD ./stm32f401xc_drivers/ECU/Serial2Parallel_drivers.o
LOAD ./stm32f401xc_drivers/ECU/SevenSegment_driver.o
LOAD ./stm32f401xc_drivers/ECU/TFT_driver.o
LOAD ./stm32f401xc_drivers/stm32f401xc_EXTI_driver.o
LOAD ./stm32f401xc_drivers/stm32f401xc_RCC_driver.o
LOAD ./stm32f401xc_drivers/stm32f401xc_SPI_driver.o
LOAD ./stm32f401xc_drivers/stm32f401xc_SysTick_driver.o
LOAD ./stm32f401xc_drivers/stm32f401xc_Timer_driver.o
LOAD ./stm32f401xc_drivers/stm32f401xc_USART_driver.o
LOAD ./stm32f401xc_drivers/stm32f401xc_gpio_driver.o
START GROUP
LOAD C:/ST/STM32CubeIDE_1.18.0/STM32CubeIDE/plugins/com.st.stm32cube.ide.mcu.externaltools.gnu-tools-for-stm32.13.3.rel1.win32_1.0.0.202411081344/tools/bin/../lib/gcc/arm-none-eabi/13.3.1/../../../../arm-none-eabi/lib/thumb/v7e-m+fp/hard\libc_nano.a
LOAD C:/ST/STM32CubeIDE_1.18.0/STM32CubeIDE/plugins/com.st.stm32cube.ide.mcu.externaltools.gnu-tools-for-stm32.13.3.rel1.win32_1.0.0.202411081344/tools/bin/../lib/gcc/arm-none-eabi/13.3.1/../../../../arm-none-eabi/lib/thumb/v7e-m+fp/hard\libm.a
END GROUP
START GROUP
LOAD C:/ST/STM32CubeIDE_1.18.0/STM32CubeIDE/plugins/com.st.stm32cube.ide.mcu.externaltools.gnu-tools-for-stm32.13.3.rel1.win32_1.0.0.202411081344/tools/bin/../lib/gcc/arm-none-eabi/13.3.1/thumb/v7e-m+fp/hard\libgcc.a
LOAD C:/ST/STM32CubeIDE_1.18.0/STM32CubeIDE/plugins/com.st.stm32cube.ide.mcu.externaltools.gnu-tools-for-stm32.13.3.rel1.win32_1.0.0.202411081344/tools/bin/../lib/gcc/arm-none-eabi/13.3.1/../../../../arm-none-eabi/lib/thumb/v7e-m+fp/hard\libg_nano.a
LOAD C:/ST/STM32CubeIDE_1.18.0/STM32CubeIDE/plugins/com.st.stm32cube.ide.mcu.externaltools.gnu-tools-for-stm32.13.3.rel1.win32_1.0.0.202411081344/tools/bin/../lib/gcc/arm-none-eabi/13.3.1/../../../../arm-none-eabi/lib/thumb/v7e-m+fp/hard\libc_nano.a
END GROUP
START GROUP
LOAD C:/ST/STM32CubeIDE_1.18.0/STM32CubeIDE/plugins/com.st.stm32cube.ide.mcu.externaltools.gnu-tools-for-stm32.13.3.rel1.win32_1.0.0.202411081344/tools/bin/../lib/gcc/arm-none-eabi/13.3.1/thumb/v7e-m+fp/hard\libgcc.a
LOAD C:/ST/STM32CubeIDE_1.18.0/STM32CubeIDE/plugins/com.st.stm32cube.ide.mcu.externaltools.gnu-tools-for-stm32.13.3.rel1.win32_1.0.0.202411081344/tools/bin/../lib/gcc/arm-none-eabi/13.3.1/../../../../arm-none-eabi/lib/thumb/v7e-m+fp/hard\libc_nano.a
LOAD C:/ST/STM32CubeIDE_1.18.0/STM32CubeIDE/plugins/com.st.stm32cube.ide.mcu.externaltools.gnu-tools-for-stm32.13.3.rel1.win32_1.0.0.202411081344/tools/bin/../lib/gcc/arm-none-eabi/13.3.1/../../../../arm-none-eabi/lib/thumb/v7e-m+fp/hard\libnosys.a
END GROUP
START GROUP
LOAD C:/ST/STM32CubeIDE_1.18.0/STM32CubeIDE/plugins/com.st.stm32cube.ide.mcu.externaltools.gnu-tools-for-stm32.13.3.rel1.win32_1.0.0.202411081344/tools/bin/../lib/gcc/arm-none-eabi/13.3.1/thumb/v7e-m+fp/hard\libgcc.a
LOAD C:/ST/STM32CubeIDE_1.18.0/STM32CubeIDE/plugins/com.st.stm32cube.ide.mcu.externaltools.gnu-tools-for-stm32.13.3.rel1.win32_1.0.0.202411081344/tools/bin/../lib/gcc/arm-none-eabi/13.3.1/../../../../arm-none-eabi/lib/thumb/v7e-m+fp/hard\libc_nano.a
LOAD C:/ST/STM32CubeIDE_1.18.0/STM32CubeIDE/plugins/com.st.stm32cube.ide.mcu.externaltools.gnu-tools-for-stm32.13.3.rel1.win32_1.0.0.202411081344/tools/bin/../lib/gcc/arm-none-eabi/13.3.1/../../../../arm-none-eabi/lib/thumb/v7e-m+fp/hard\libnosys.a
END GROUP
LOAD C:/ST/STM32CubeIDE_1.18.0/STM32CubeIDE/plugins/com.st.stm32cube.ide.mcu.externaltools.gnu-tools-for-stm32.13.3.rel1.win32_1.0.0.202411081344/tools/bin/../lib/gcc/arm-none-eabi/13.3.1/thumb/v7e-m+fp/hard/crtend.o
LOAD C:/ST/STM32CubeIDE_1.18.0/STM32CubeIDE/plugins/com.st.stm32cube.ide.mcu.externaltools.gnu-tools-for-stm32.13.3.rel1.win32_1.0.0.202411081344/tools/bin/../lib/gcc/arm-none-eabi/13.3.1/thumb/v7e-m+fp/hard/crtn.o
                0x20010000                        _estack = (ORIGIN (RAM) + LENGTH (RAM))
                0x00000200                        _Min_Heap_Size = 0x200
                0x00000400                        _Min_Stack_Size = 0x400

.isr_vector     0x08000000      0x194
                0x08000000                        . = ALIGN (0x4)
 *(.isr_vector)
 .isr_vector    0x08000000      0x194 ./Startup/startup_stm32f401ccux.o
                0x08000000                g_pfnVectors
                0x08000194                        . = ALIGN (0x4)

.text           0x08000194      0xb0c
                0x08000194                        . = ALIGN (0x4)
 *(.text)
 .text          0x08000194       0x40 C:/ST/STM32CubeIDE_1.18.0/STM32CubeIDE/plugins/com.st.stm32cube.ide.mcu.externaltools.gnu-tools-for-stm32.13.3.rel1.win32_1.0.0.202411081344/tools/bin/../lib/gcc/arm-none-eabi/13.3.1/thumb/v7e-m+fp/hard/crtbegin.o
 *(.text*)
 .text.Clock_Init
                0x080001d4       0x38 ./Src/main.o
                0x080001d4                Clock_Init
 .text.main     0x0800020c       0xcc ./Src/main.o
                0x0800020c                main
 .text.Reset_Handler
                0x080002d8       0x50 ./Startup/startup_stm32f401ccux.o
                0x080002d8                Reset_Handler
 .text.Default_Handler
                0x08000328        0x2 ./Startup/startup_stm32f401ccux.o
                0x08000328                DebugMon_Handler
                0x08000328                SPI4_IRQHandler
                0x08000328                TIM1_CC_IRQHandler
                0x08000328                DMA2_Stream5_IRQHandler
                0x08000328                HardFault_Handler
                0x08000328                DMA1_Stream5_IRQHandler
                0x08000328                SDIO_IRQHandler
                0x08000328                TAMP_STAMP_IRQHandler
                0x08000328                PendSV_Handler
                0x08000328                NMI_Handler
                0x08000328                TIM1_UP_TIM10_IRQHandler
                0x08000328                I2C3_ER_IRQHandler
                0x08000328                EXTI18_OTG_FS_WKUP_IRQHandler
                0x08000328                I2C2_EV_IRQHandler
                0x08000328                DMA1_Stream2_IRQHandler
                0x08000328                UsageFault_Handler
                0x08000328                DMA2_Stream2_IRQHandler
                0x08000328                TIM1_BRK_TIM9_IRQHandler
                0x08000328                DMA2_Stream3_IRQHandler
                0x08000328                USART6_IRQHandler
                0x08000328                DMA2_Stream0_IRQHandler
                0x08000328                TIM4_IRQHandler
                0x08000328                I2C1_EV_IRQHandler
                0x08000328                DMA1_Stream6_IRQHandler
                0x08000328                DMA1_Stream1_IRQHandler
                0x08000328                TIM3_IRQHandler
                0x08000328                RCC_IRQHandler
                0x08000328                Default_Handler
                0x08000328                ADC_IRQHandler
                0x08000328                DMA1_Stream7_IRQHandler
                0x08000328                TIM5_IRQHandler
                0x08000328                DMA2_Stream7_IRQHandler
                0x08000328                I2C3_EV_IRQHandler
                0x08000328                MemManage_Handler
                0x08000328                DMA1_Stream0_IRQHandler
                0x08000328                SVC_Handler
                0x08000328                EXTI22_RTC_WKUP_IRQHandler
                0x08000328                TIM2_IRQHandler
                0x08000328                EXTI16_PVD_IRQHandler
                0x08000328                TIM1_TRG_COM_TIM11_IRQHandler
                0x08000328                EXTI17_RTC_Alarm_IRQHandler
                0x08000328                USART2_IRQHandler
                0x08000328                I2C2_ER_IRQHandler
                0x08000328                DMA2_Stream1_IRQHandler
                0x08000328                FLASH_IRQHandler
                0x08000328                DMA2_Stream4_IRQHandler
                0x08000328                BusFault_Handler
                0x08000328                OTG_FS_IRQHandler
                0x08000328                DMA1_Stream4_IRQHandler
                0x08000328                I2C1_ER_IRQHandler
                0x08000328                DMA2_Stream6_IRQHandler
                0x08000328                DMA1_Stream3_IRQHandler
 *fill*         0x0800032a        0x2 
 .text.EXTI0_IRQHandler
                0x0800032c       0x24 ./stm32f401xc_drivers/stm32f401xc_EXTI_driver.o
                0x0800032c                EXTI0_IRQHandler
 .text.EXTI1_IRQHandler
                0x08000350       0x24 ./stm32f401xc_drivers/stm32f401xc_EXTI_driver.o
                0x08000350                EXTI1_IRQHandler
 .text.EXTI2_IRQHandler
                0x08000374       0x24 ./stm32f401xc_drivers/stm32f401xc_EXTI_driver.o
                0x08000374                EXTI2_IRQHandler
 .text.EXTI3_IRQHandler
                0x08000398       0x24 ./stm32f401xc_drivers/stm32f401xc_EXTI_driver.o
                0x08000398                EXTI3_IRQHandler
 .text.EXTI4_IRQHandler
                0x080003bc       0x24 ./stm32f401xc_drivers/stm32f401xc_EXTI_driver.o
                0x080003bc                EXTI4_IRQHandler
 .text.EXTI9_5_IRQHandler
                0x080003e0       0xa8 ./stm32f401xc_drivers/stm32f401xc_EXTI_driver.o
                0x080003e0                EXTI9_5_IRQHandler
 .text.EXTI15_10_IRQHandler
                0x08000488       0xc4 ./stm32f401xc_drivers/stm32f401xc_EXTI_driver.o
                0x08000488                EXTI15_10_IRQHandler
 .text.SPI1_IRQHandler
                0x0800054c       0x5c ./stm32f401xc_drivers/stm32f401xc_SPI_driver.o
                0x0800054c                SPI1_IRQHandler
 .text.SPI2_IRQHandler
                0x080005a8       0x5c ./stm32f401xc_drivers/stm32f401xc_SPI_driver.o
                0x080005a8                SPI2_IRQHandler
 .text.SPI3_IRQHandler
                0x08000604       0x5c ./stm32f401xc_drivers/stm32f401xc_SPI_driver.o
                0x08000604                SPI3_IRQHandler
 .text.MCAL_SysTicK_StopTimer
                0x08000660       0x20 ./stm32f401xc_drivers/stm32f401xc_SysTick_driver.o
                0x08000660                MCAL_SysTicK_StopTimer
 .text.SysTick_Handler
                0x08000680       0x2c ./stm32f401xc_drivers/stm32f401xc_SysTick_driver.o
                0x08000680                SysTick_Handler
 .text.MCAL_Timer_Start
                0x080006ac       0x24 ./stm32f401xc_drivers/stm32f401xc_Timer_driver.o
 .text.MCAL_Timer_PWM_Start
                0x080006d0       0x16 ./stm32f401xc_drivers/stm32f401xc_Timer_driver.o
 *fill*         0x080006e6        0x2 
 .text.MCAL_Timer_PWM_Init
                0x080006e8      0x244 ./stm32f401xc_drivers/stm32f401xc_Timer_driver.o
                0x080006e8                MCAL_Timer_PWM_Init
 .text.MCAL_Timer_PWM_SetDuty
                0x0800092c       0xb8 ./stm32f401xc_drivers/stm32f401xc_Timer_driver.o
                0x0800092c                MCAL_Timer_PWM_SetDuty
 .text.USART1_IRQHandler
                0x080009e4       0x5c ./stm32f401xc_drivers/stm32f401xc_USART_driver.o
                0x080009e4                USART1_IRQHandler
 .text.MCAL_GPIO_Init
                0x08000a40      0x1fe ./stm32f401xc_drivers/stm32f401xc_gpio_driver.o
                0x08000a40                MCAL_GPIO_Init
 *fill*         0x08000c3e        0x2 
 .text.__libc_init_array
                0x08000c40       0x48 C:/ST/STM32CubeIDE_1.18.0/STM32CubeIDE/plugins/com.st.stm32cube.ide.mcu.externaltools.gnu-tools-for-stm32.13.3.rel1.win32_1.0.0.202411081344/tools/bin/../lib/gcc/arm-none-eabi/13.3.1/../../../../arm-none-eabi/lib/thumb/v7e-m+fp/hard\libc_nano.a(libc_a-init.o)
                0x08000c40                __libc_init_array
 *(.glue_7)
 .glue_7        0x08000c88        0x0 linker stubs
 *(.glue_7t)
 .glue_7t       0x08000c88        0x0 linker stubs
 *(.eh_frame)
 .eh_frame      0x08000c88        0x0 C:/ST/STM32CubeIDE_1.18.0/STM32CubeIDE/plugins/com.st.stm32cube.ide.mcu.externaltools.gnu-tools-for-stm32.13.3.rel1.win32_1.0.0.202411081344/tools/bin/../lib/gcc/arm-none-eabi/13.3.1/thumb/v7e-m+fp/hard/crtbegin.o
 *(.init)
 .init          0x08000c88        0x4 C:/ST/STM32CubeIDE_1.18.0/STM32CubeIDE/plugins/com.st.stm32cube.ide.mcu.externaltools.gnu-tools-for-stm32.13.3.rel1.win32_1.0.0.202411081344/tools/bin/../lib/gcc/arm-none-eabi/13.3.1/thumb/v7e-m+fp/hard/crti.o
                0x08000c88                _init
 .init          0x08000c8c        0x8 C:/ST/STM32CubeIDE_1.18.0/STM32CubeIDE/plugins/com.st.stm32cube.ide.mcu.externaltools.gnu-tools-for-stm32.13.3.rel1.win32_1.0.0.202411081344/tools/bin/../lib/gcc/arm-none-eabi/13.3.1/thumb/v7e-m+fp/hard/crtn.o
 *(.fini)
 .fini          0x08000c94        0x4 C:/ST/STM32CubeIDE_1.18.0/STM32CubeIDE/plugins/com.st.stm32cube.ide.mcu.externaltools.gnu-tools-for-stm32.13.3.rel1.win32_1.0.0.202411081344/tools/bin/../lib/gcc/arm-none-eabi/13.3.1/thumb/v7e-m+fp/hard/crti.o
                0x08000c94                _fini
 .fini          0x08000c98        0x8 C:/ST/STM32CubeIDE_1.18.0/STM32CubeIDE/plugins/com.st.stm32cube.ide.mcu.externaltools.gnu-tools-for-stm32.13.3.rel1.win32_1.0.0.202411081344/tools/bin/../lib/gcc/arm-none-eabi/13.3.1/thumb/v7e-m+fp/hard/crtn.o
                0x08000ca0                        . = ALIGN (0x4)
                0x08000ca0                        _etext = .

.vfp11_veneer   0x08000ca0        0x0
 .vfp11_veneer  0x08000ca0        0x0 linker stubs

.v4_bx          0x08000ca0        0x0
 .v4_bx         0x08000ca0        0x0 linker stubs

.iplt           0x08000ca0        0x0
 .iplt          0x08000ca0        0x0 C:/ST/STM32CubeIDE_1.18.0/STM32CubeIDE/plugins/com.st.stm32cube.ide.mcu.externaltools.gnu-tools-for-stm32.13.3.rel1.win32_1.0.0.202411081344/tools/bin/../lib/gcc/arm-none-eabi/13.3.1/thumb/v7e-m+fp/hard/crtbegin.o

.rodata         0x08000ca0        0x0
                0x08000ca0                        . = ALIGN (0x4)
 *(.rodata)
 *(.rodata*)
                0x08000ca0                        . = ALIGN (0x4)

.ARM.extab      0x08000ca0        0x0
                0x08000ca0                        . = ALIGN (0x4)
 *(.ARM.extab* .gnu.linkonce.armextab.*)
                0x08000ca0                        . = ALIGN (0x4)

.ARM            0x08000ca0        0x0
                0x08000ca0                        . = ALIGN (0x4)
                0x08000ca0                        __exidx_start = .
 *(.ARM.exidx*)
                0x08000ca0                        __exidx_end = .
                0x08000ca0                        . = ALIGN (0x4)

.preinit_array  0x08000ca0        0x0
                0x08000ca0                        . = ALIGN (0x4)
                0x08000ca0                        PROVIDE (__preinit_array_start = .)
 *(.preinit_array*)
                0x08000ca0                        PROVIDE (__preinit_array_end = .)
                0x08000ca0                        . = ALIGN (0x4)

.init_array     0x08000ca0        0x4
                0x08000ca0                        . = ALIGN (0x4)
                0x08000ca0                        PROVIDE (__init_array_start = .)
 *(SORT_BY_NAME(.init_array.*))
 *(.init_array*)
 .init_array    0x08000ca0        0x4 C:/ST/STM32CubeIDE_1.18.0/STM32CubeIDE/plugins/com.st.stm32cube.ide.mcu.externaltools.gnu-tools-for-stm32.13.3.rel1.win32_1.0.0.202411081344/tools/bin/../lib/gcc/arm-none-eabi/13.3.1/thumb/v7e-m+fp/hard/crtbegin.o
                0x08000ca4                        PROVIDE (__init_array_end = .)
                0x08000ca4                        . = ALIGN (0x4)

.fini_array     0x08000ca4        0x4
                0x08000ca4                        . = ALIGN (0x4)
                [!provide]                        PROVIDE (__fini_array_start = .)
 *(SORT_BY_NAME(.fini_array.*))
 *(.fini_array*)
 .fini_array    0x08000ca4        0x4 C:/ST/STM32CubeIDE_1.18.0/STM32CubeIDE/plugins/com.st.stm32cube.ide.mcu.externaltools.gnu-tools-for-stm32.13.3.rel1.win32_1.0.0.202411081344/tools/bin/../lib/gcc/arm-none-eabi/13.3.1/thumb/v7e-m+fp/hard/crtbegin.o
                [!provide]                        PROVIDE (__fini_array_end = .)
                0x08000ca8                        . = ALIGN (0x4)
                0x08000ca8                        _sidata = LOADADDR (.data)

.rel.dyn        0x08000ca8        0x0
 .rel.iplt      0x08000ca8        0x0 C:/ST/STM32CubeIDE_1.18.0/STM32CubeIDE/plugins/com.st.stm32cube.ide.mcu.externaltools.gnu-tools-for-stm32.13.3.rel1.win32_1.0.0.202411081344/tools/bin/../lib/gcc/arm-none-eabi/13.3.1/thumb/v7e-m+fp/hard/crtbegin.o

.data           0x20000000        0x0 load address 0x08000ca8
                0x20000000                        . = ALIGN (0x4)
                0x20000000                        _sdata = .
 *(.data)
 *(.data*)
 *(.RamFunc)
 *(.RamFunc*)
                0x20000000                        . = ALIGN (0x4)
                0x20000000                        _edata = .

.igot.plt       0x20000000        0x0 load address 0x08000ca8
 .igot.plt      0x20000000        0x0 C:/ST/STM32CubeIDE_1.18.0/STM32CubeIDE/plugins/com.st.stm32cube.ide.mcu.externaltools.gnu-tools-for-stm32.13.3.rel1.win32_1.0.0.202411081344/tools/bin/../lib/gcc/arm-none-eabi/13.3.1/thumb/v7e-m+fp/hard/crtbegin.o
                0x20000000                        . = ALIGN (0x4)

.bss            0x20000000       0x78 load address 0x08000ca8
                0x20000000                        _sbss = .
                0x20000000                        __bss_start__ = _sbss
 *(.bss)
 .bss           0x20000000       0x1c C:/ST/STM32CubeIDE_1.18.0/STM32CubeIDE/plugins/com.st.stm32cube.ide.mcu.externaltools.gnu-tools-for-stm32.13.3.rel1.win32_1.0.0.202411081344/tools/bin/../lib/gcc/arm-none-eabi/13.3.1/thumb/v7e-m+fp/hard/crtbegin.o
 *(.bss*)
 .bss.G_IRQ_CallBack
                0x2000001c       0x40 ./stm32f401xc_drivers/stm32f401xc_EXTI_driver.o
                0x2000001c                G_IRQ_CallBack
 .bss.G_SPI_Config
                0x2000005c        0xc ./stm32f401xc_drivers/stm32f401xc_SPI_driver.o
                0x2000005c                G_SPI_Config
 .bss.GP_Function_CallBack
                0x20000068        0x4 ./stm32f401xc_drivers/stm32f401xc_SysTick_driver.o
 .bss.G_SingleFlag
                0x2000006c        0x1 ./stm32f401xc_drivers/stm32f401xc_SysTick_driver.o
 *fill*         0x2000006d        0x3 
 .bss.G_Timer_config
                0x20000070        0x4 ./stm32f401xc_drivers/stm32f401xc_Timer_driver.o
                0x20000070                G_Timer_config
 .bss.G_UART_config
                0x20000074        0x4 ./stm32f401xc_drivers/stm32f401xc_USART_driver.o
                0x20000074                G_UART_config
 *(COMMON)
                0x20000078                        . = ALIGN (0x4)
                0x20000078                        _ebss = .
                0x20000078                        __bss_end__ = _ebss

._user_heap_stack
                0x20000078      0x600 load address 0x08000ca8
                0x20000078                        . = ALIGN (0x8)
                [!provide]                        PROVIDE (end = .)
                0x20000078                        PROVIDE (_end = .)
                0x20000278                        . = (. + _Min_Heap_Size)
 *fill*         0x20000078      0x200 
                0x20000678                        . = (. + _Min_Stack_Size)
 *fill*         0x20000278      0x400 
                0x20000678                        . = ALIGN (0x8)

/DISCARD/
 libc.a(*)
 libm.a(*)
 libgcc.a(*)

.ARM.attributes
                0x00000000       0x30
 *(.ARM.attributes)
 .ARM.attributes
                0x00000000       0x22 C:/ST/STM32CubeIDE_1.18.0/STM32CubeIDE/plugins/com.st.stm32cube.ide.mcu.externaltools.gnu-tools-for-stm32.13.3.rel1.win32_1.0.0.202411081344/tools/bin/../lib/gcc/arm-none-eabi/13.3.1/thumb/v7e-m+fp/hard/crti.o
 .ARM.attributes
                0x00000022       0x34 C:/ST/STM32CubeIDE_1.18.0/STM32CubeIDE/plugins/com.st.stm32cube.ide.mcu.externaltools.gnu-tools-for-stm32.13.3.rel1.win32_1.0.0.202411081344/tools/bin/../lib/gcc/arm-none-eabi/13.3.1/thumb/v7e-m+fp/hard/crtbegin.o
 .ARM.attributes
                0x00000056       0x34 ./Src/main.o
 .ARM.attributes
                0x0000008a       0x21 ./Startup/startup_stm32f401ccux.o
 .ARM.attributes
                0x000000ab       0x34 ./stm32f401xc_drivers/stm32f401xc_EXTI_driver.o
 .ARM.attributes
                0x000000df       0x34 ./stm32f401xc_drivers/stm32f401xc_SPI_driver.o
 .ARM.attributes
                0x00000113       0x34 ./stm32f401xc_drivers/stm32f401xc_SysTick_driver.o
 .ARM.attributes
                0x00000147       0x34 ./stm32f401xc_drivers/stm32f401xc_Timer_driver.o
 .ARM.attributes
                0x0000017b       0x34 ./stm32f401xc_drivers/stm32f401xc_USART_driver.o
 .ARM.attributes
                0x000001af       0x34 ./stm32f401xc_drivers/stm32f401xc_gpio_driver.o
 .ARM.attributes
                0x000001e3       0x34 C:/ST/STM32CubeIDE_1.18.0/STM32CubeIDE/plugins/com.st.stm32cube.ide.mcu.externaltools.gnu-tools-for-stm32.13.3.rel1.win32_1.0.0.202411081344/tools/bin/../lib/gcc/arm-none-eabi/13.3.1/../../../../arm-none-eabi/lib/thumb/v7e-m+fp/hard\libc_nano.a(libc_a-init.o)
 .ARM.attributes
                0x00000217       0x22 C:/ST/STM32CubeIDE_1.18.0/STM32CubeIDE/plugins/com.st.stm32cube.ide.mcu.externaltools.gnu-tools-for-stm32.13.3.rel1.win32_1.0.0.202411081344/tools/bin/../lib/gcc/arm-none-eabi/13.3.1/thumb/v7e-m+fp/hard/crtn.o
OUTPUT(Drivers.elf elf32-littlearm)
LOAD linker stubs
LOAD C:/ST/STM32CubeIDE_1.18.0/STM32CubeIDE/plugins/com.st.stm32cube.ide.mcu.externaltools.gnu-tools-for-stm32.13.3.rel1.win32_1.0.0.202411081344/tools/bin/../lib/gcc/arm-none-eabi/13.3.1/../../../../arm-none-eabi/lib/thumb/v7e-m+fp/hard\libc.a
LOAD C:/ST/STM32CubeIDE_1.18.0/STM32CubeIDE/plugins/com.st.stm32cube.ide.mcu.externaltools.gnu-tools-for-stm32.13.3.rel1.win32_1.0.0.202411081344/tools/bin/../lib/gcc/arm-none-eabi/13.3.1/../../../../arm-none-eabi/lib/thumb/v7e-m+fp/hard\libm.a
LOAD C:/ST/STM32CubeIDE_1.18.0/STM32CubeIDE/plugins/com.st.stm32cube.ide.mcu.externaltools.gnu-tools-for-stm32.13.3.rel1.win32_1.0.0.202411081344/tools/bin/../lib/gcc/arm-none-eabi/13.3.1/thumb/v7e-m+fp/hard\libgcc.a

.debug_info     0x00000000     0x310e
 .debug_info    0x00000000      0x920 ./Src/main.o
 .debug_info    0x00000920       0x30 ./Startup/startup_stm32f401ccux.o
 .debug_info    0x00000950      0x56a ./stm32f401xc_drivers/stm32f401xc_EXTI_driver.o
 .debug_info    0x00000eba      0x848 ./stm32f401xc_drivers/stm32f401xc_SPI_driver.o
 .debug_info    0x00001702      0x317 ./stm32f401xc_drivers/stm32f401xc_SysTick_driver.o
 .debug_info    0x00001a19      0x94f ./stm32f401xc_drivers/stm32f401xc_Timer_driver.o
 .debug_info    0x00002368      0x755 ./stm32f401xc_drivers/stm32f401xc_USART_driver.o
 .debug_info    0x00002abd      0x651 ./stm32f401xc_drivers/stm32f401xc_gpio_driver.o

.debug_abbrev   0x00000000      0xa5d
 .debug_abbrev  0x00000000      0x183 ./Src/main.o
 .debug_abbrev  0x00000183       0x1d ./Startup/startup_stm32f401ccux.o
 .debug_abbrev  0x000001a0      0x166 ./stm32f401xc_drivers/stm32f401xc_EXTI_driver.o
 .debug_abbrev  0x00000306      0x1a1 ./stm32f401xc_drivers/stm32f401xc_SPI_driver.o
 .debug_abbrev  0x000004a7      0x130 ./stm32f401xc_drivers/stm32f401xc_SysTick_driver.o
 .debug_abbrev  0x000005d7      0x1e7 ./stm32f401xc_drivers/stm32f401xc_Timer_driver.o
 .debug_abbrev  0x000007be      0x1a1 ./stm32f401xc_drivers/stm32f401xc_USART_driver.o
 .debug_abbrev  0x0000095f       0xfe ./stm32f401xc_drivers/stm32f401xc_gpio_driver.o

.debug_loc      0x00000000     0x12aa
 .debug_loc     0x00000000       0x7e ./Src/main.o
 .debug_loc     0x0000007e      0x338 ./stm32f401xc_drivers/stm32f401xc_EXTI_driver.o
 .debug_loc     0x000003b6      0x2f4 ./stm32f401xc_drivers/stm32f401xc_SPI_driver.o
 .debug_loc     0x000006aa      0x2f0 ./stm32f401xc_drivers/stm32f401xc_SysTick_driver.o
 .debug_loc     0x0000099a      0x3d0 ./stm32f401xc_drivers/stm32f401xc_Timer_driver.o
 .debug_loc     0x00000d6a      0x204 ./stm32f401xc_drivers/stm32f401xc_USART_driver.o
 .debug_loc     0x00000f6e      0x33c ./stm32f401xc_drivers/stm32f401xc_gpio_driver.o

.debug_aranges  0x00000000      0x2b0
 .debug_aranges
                0x00000000       0x28 ./Src/main.o
 .debug_aranges
                0x00000028       0x28 ./Startup/startup_stm32f401ccux.o
 .debug_aranges
                0x00000050       0x80 ./stm32f401xc_drivers/stm32f401xc_EXTI_driver.o
 .debug_aranges
                0x000000d0       0x60 ./stm32f401xc_drivers/stm32f401xc_SPI_driver.o
 .debug_aranges
                0x00000130       0x68 ./stm32f401xc_drivers/stm32f401xc_SysTick_driver.o
 .debug_aranges
                0x00000198       0x70 ./stm32f401xc_drivers/stm32f401xc_Timer_driver.o
 .debug_aranges
                0x00000208       0x48 ./stm32f401xc_drivers/stm32f401xc_USART_driver.o
 .debug_aranges
                0x00000250       0x60 ./stm32f401xc_drivers/stm32f401xc_gpio_driver.o

.debug_ranges   0x00000000      0x238
 .debug_ranges  0x00000000       0x18 ./Src/main.o
 .debug_ranges  0x00000018       0x20 ./Startup/startup_stm32f401ccux.o
 .debug_ranges  0x00000038       0x70 ./stm32f401xc_drivers/stm32f401xc_EXTI_driver.o
 .debug_ranges  0x000000a8       0x50 ./stm32f401xc_drivers/stm32f401xc_SPI_driver.o
 .debug_ranges  0x000000f8       0x58 ./stm32f401xc_drivers/stm32f401xc_SysTick_driver.o
 .debug_ranges  0x00000150       0x60 ./stm32f401xc_drivers/stm32f401xc_Timer_driver.o
 .debug_ranges  0x000001b0       0x38 ./stm32f401xc_drivers/stm32f401xc_USART_driver.o
 .debug_ranges  0x000001e8       0x50 ./stm32f401xc_drivers/stm32f401xc_gpio_driver.o

.debug_macro    0x00000000     0x1a69
 .debug_macro   0x00000000       0xad ./Src/main.o
 .debug_macro   0x000000ad      0xade ./Src/main.o
 .debug_macro   0x00000b8b       0x1c ./Src/main.o
 .debug_macro   0x00000ba7      0x48f ./Src/main.o
 .debug_macro   0x00001036      0x140 ./Src/main.o
 .debug_macro   0x00001176      0x213 ./Src/main.o
 .debug_macro   0x00001389       0x28 ./Src/main.o
 .debug_macro   0x000013b1       0x10 ./Src/main.o
 .debug_macro   0x000013c1       0x10 ./Src/main.o
 .debug_macro   0x000013d1       0xe7 ./Src/main.o
 .debug_macro   0x000014b8       0xd6 ./Src/main.o
 .debug_macro   0x0000158e      0x132 ./Src/main.o
 .debug_macro   0x000016c0       0x51 ./stm32f401xc_drivers/stm32f401xc_EXTI_driver.o
 .debug_macro   0x00001711       0x53 ./stm32f401xc_drivers/stm32f401xc_SPI_driver.o
 .debug_macro   0x00001764       0x38 ./stm32f401xc_drivers/stm32f401xc_SysTick_driver.o
 .debug_macro   0x0000179c       0x47 ./stm32f401xc_drivers/stm32f401xc_Timer_driver.o
 .debug_macro   0x000017e3      0x12c ./stm32f401xc_drivers/stm32f401xc_Timer_driver.o
 .debug_macro   0x0000190f       0x41 ./stm32f401xc_drivers/stm32f401xc_USART_driver.o
 .debug_macro   0x00001950       0xe1 ./stm32f401xc_drivers/stm32f401xc_USART_driver.o
 .debug_macro   0x00001a31       0x38 ./stm32f401xc_drivers/stm32f401xc_gpio_driver.o

.debug_line     0x00000000     0x1bc0
 .debug_line    0x00000000      0x2e2 ./Src/main.o
 .debug_line    0x000002e2       0x81 ./Startup/startup_stm32f401ccux.o
 .debug_line    0x00000363      0x5ca ./stm32f401xc_drivers/stm32f401xc_EXTI_driver.o
 .debug_line    0x0000092d      0x42d ./stm32f401xc_drivers/stm32f401xc_SPI_driver.o
 .debug_line    0x00000d5a      0x2c4 ./stm32f401xc_drivers/stm32f401xc_SysTick_driver.o
 .debug_line    0x0000101e      0x45c ./stm32f401xc_drivers/stm32f401xc_Timer_driver.o
 .debug_line    0x0000147a      0x34f ./stm32f401xc_drivers/stm32f401xc_USART_driver.o
 .debug_line    0x000017c9      0x3f7 ./stm32f401xc_drivers/stm32f401xc_gpio_driver.o

.debug_str      0x00000000     0x81d7
 .debug_str     0x00000000     0x81d7 ./Src/main.o
                               0x77af (size before relaxing)
 .debug_str     0x000081d7       0x8b ./Startup/startup_stm32f401ccux.o
 .debug_str     0x000081d7     0x6309 ./stm32f401xc_drivers/stm32f401xc_EXTI_driver.o
 .debug_str     0x000081d7     0x56a2 ./stm32f401xc_drivers/stm32f401xc_SPI_driver.o
 .debug_str     0x000081d7     0x4c22 ./stm32f401xc_drivers/stm32f401xc_SysTick_driver.o
 .debug_str     0x000081d7     0x59c4 ./stm32f401xc_drivers/stm32f401xc_Timer_driver.o
 .debug_str     0x000081d7     0x5614 ./stm32f401xc_drivers/stm32f401xc_USART_driver.o
 .debug_str     0x000081d7     0x4ffb ./stm32f401xc_drivers/stm32f401xc_gpio_driver.o

.comment        0x00000000       0x43
 .comment       0x00000000       0x43 ./Src/main.o
                                 0x44 (size before relaxing)
 .comment       0x00000043       0x44 ./stm32f401xc_drivers/stm32f401xc_EXTI_driver.o
 .comment       0x00000043       0x44 ./stm32f401xc_drivers/stm32f401xc_SPI_driver.o
 .comment       0x00000043       0x44 ./stm32f401xc_drivers/stm32f401xc_SysTick_driver.o
 .comment       0x00000043       0x44 ./stm32f401xc_drivers/stm32f401xc_Timer_driver.o
 .comment       0x00000043       0x44 ./stm32f401xc_drivers/stm32f401xc_USART_driver.o
 .comment       0x00000043       0x44 ./stm32f401xc_drivers/stm32f401xc_gpio_driver.o

.debug_frame    0x00000000      0x92c
 .debug_frame   0x00000000       0x50 ./Src/main.o
 .debug_frame   0x00000050      0x1b8 ./stm32f401xc_drivers/stm32f401xc_EXTI_driver.o
 .debug_frame   0x00000208      0x160 ./stm32f401xc_drivers/stm32f401xc_SPI_driver.o
 .debug_frame   0x00000368      0x16c ./stm32f401xc_drivers/stm32f401xc_SysTick_driver.o
 .debug_frame   0x000004d4      0x1c0 ./stm32f401xc_drivers/stm32f401xc_Timer_driver.o
 .debug_frame   0x00000694       0xf4 ./stm32f401xc_drivers/stm32f401xc_USART_driver.o
 .debug_frame   0x00000788      0x178 ./stm32f401xc_drivers/stm32f401xc_gpio_driver.o
 .debug_frame   0x00000900       0x2c C:/ST/STM32CubeIDE_1.18.0/STM32CubeIDE/plugins/com.st.stm32cube.ide.mcu.externaltools.gnu-tools-for-stm32.13.3.rel1.win32_1.0.0.202411081344/tools/bin/../lib/gcc/arm-none-eabi/13.3.1/../../../../arm-none-eabi/lib/thumb/v7e-m+fp/hard\libc_nano.a(libc_a-init.o)
